Component: Arm Compiler for Embedded 6.19 Tool: armlink [5e73cb00]

==============================================================================

Section Cross References

    mycode.o(Code_Section) refers to mycode.o(Data_Section) for Q_Data
    startup_sam3xa.o(STACK) refers (Special) to system_sam3xa.o(.text.SystemInit) for SystemInit
    startup_sam3xa.o(STACK) refers (Special) to heapauxi.o(.text) for __use_two_region_memory
    startup_sam3xa.o(HEAP) refers (Special) to system_sam3xa.o(.text.SystemInit) for SystemInit
    startup_sam3xa.o(HEAP) refers (Special) to heapauxi.o(.text) for __use_two_region_memory
    startup_sam3xa.o(RESET) refers (Special) to system_sam3xa.o(.text.SystemInit) for SystemInit
    startup_sam3xa.o(RESET) refers (Special) to heapauxi.o(.text) for __use_two_region_memory
    startup_sam3xa.o(RESET) refers to startup_sam3xa.o(STACK) for __initial_sp
    startup_sam3xa.o(RESET) refers to startup_sam3xa.o(.text) for Reset_Handler
    startup_sam3xa.o(.text) refers (Special) to system_sam3xa.o(.text.SystemInit) for SystemInit
    startup_sam3xa.o(.text) refers (Special) to heapauxi.o(.text) for __use_two_region_memory
    startup_sam3xa.o(.text) refers to mycode.o(Code_Section) for __main
    startup_sam3xa.o(.text) refers to startup_sam3xa.o(HEAP) for Heap_Mem
    startup_sam3xa.o(.text) refers to startup_sam3xa.o(STACK) for Stack_Mem
    system_sam3xa.o(.text.SystemCoreClockUpdate) refers to system_sam3xa.o(.data.SystemCoreClock) for SystemCoreClock
    system_sam3xa.o(.ARM.exidx.text.SystemCoreClockUpdate) refers to system_sam3xa.o(.text.SystemCoreClockUpdate) for [Anonymous Symbol]
    system_sam3xa.o(.ARM.exidx.text.SystemInit) refers to system_sam3xa.o(.text.SystemInit) for [Anonymous Symbol]


==============================================================================

Removing Unused exception sections from the image.

    Removing system_sam3xa.o(.ARM.exidx.text.SystemCoreClockUpdate), (8 bytes).
    Removing system_sam3xa.o(.ARM.exidx.text.SystemInit), (8 bytes).

2 unused section(s) (total 16 bytes) removed from the image.

==============================================================================

Image Symbol Table

    Local Symbols

    Symbol Name                              Value     Ov Type        Size  Object(Section)

    ../clib/heapaux.c                        0x00000000   Number         0  heapauxi.o ABSOLUTE
    RTE/Device/ATSAM3X4C/startup_SAM3XA.s    0x00000000   Number         0  startup_sam3xa.o ABSOLUTE
    dc.s                                     0x00000000   Number         0  dc.o ABSOLUTE
    myCode.s                                 0x00000000   Number         0  mycode.o ABSOLUTE
    system_SAM3XA.c                          0x00000000   Number         0  system_sam3xa.o ABSOLUTE
    RESET                                    0x00080000   Section      244  startup_sam3xa.o(RESET)
    .text                                    0x000800f4   Section       56  startup_sam3xa.o(.text)
    .text                                    0x0008012c   Section        0  heapauxi.o(.text)
    [Anonymous Symbol]                       0x00080134   Section        0  system_sam3xa.o(.text.SystemCoreClockUpdate)
    [Anonymous Symbol]                       0x00080340   Section        0  system_sam3xa.o(.text.SystemInit)
    Code_Section                             0x0008045c   Section       20  mycode.o(Code_Section)
    Q_Data                                   0x20000004   Data           0  mycode.o(Data_Section)
    Data_Section                             0x20000004   Section       10  mycode.o(Data_Section)
    Heap_Mem                                 0x20000010   Data         512  startup_sam3xa.o(HEAP)
    HEAP                                     0x20000010   Section      512  startup_sam3xa.o(HEAP)
    Stack_Mem                                0x20000210   Data         512  startup_sam3xa.o(STACK)
    STACK                                    0x20000210   Section      512  startup_sam3xa.o(STACK)
    __initial_sp                             0x20000410   Data           0  startup_sam3xa.o(STACK)

    Global Symbols

    Symbol Name                              Value     Ov Type        Size  Object(Section)

    BuildAttributes$$THM_ISAv4$P$D$K$B$S$PE$A:L22UL41UL21$X:L11$S22US41US21$IEEE1$IW$~IW$USESV6$~STKCKD$USESV7$~SHL$OSPACE$ROPI$EBA8$STANDARDLIB$REQ8$PRES8$EABIv2 0x00000000   Number         0  anon$$obj.o ABSOLUTE
    __Vectors                                0x00080000   Data           4  startup_sam3xa.o(RESET)
    Reset_Handler                            0x000800f5   Thumb Code     4  startup_sam3xa.o(.text)
    NMI_Handler                              0x000800f9   Thumb Code     2  startup_sam3xa.o(.text)
    HardFault_Handler                        0x000800fb   Thumb Code     2  startup_sam3xa.o(.text)
    MemManage_Handler                        0x000800fd   Thumb Code     2  startup_sam3xa.o(.text)
    BusFault_Handler                         0x000800ff   Thumb Code     2  startup_sam3xa.o(.text)
    UsageFault_Handler                       0x00080101   Thumb Code     2  startup_sam3xa.o(.text)
    SVC_Handler                              0x00080103   Thumb Code     2  startup_sam3xa.o(.text)
    DebugMon_Handler                         0x00080105   Thumb Code     2  startup_sam3xa.o(.text)
    PendSV_Handler                           0x00080107   Thumb Code     2  startup_sam3xa.o(.text)
    SysTick_Handler                          0x00080109   Thumb Code     2  startup_sam3xa.o(.text)
    ADC_IRQHandler                           0x0008010b   Thumb Code     0  startup_sam3xa.o(.text)
    CAN0_IRQHandler                          0x0008010b   Thumb Code     0  startup_sam3xa.o(.text)
    CAN1_IRQHandler                          0x0008010b   Thumb Code     0  startup_sam3xa.o(.text)
    DACC_IRQHandler                          0x0008010b   Thumb Code     0  startup_sam3xa.o(.text)
    DMAC_IRQHandler                          0x0008010b   Thumb Code     0  startup_sam3xa.o(.text)
    EFC0_IRQHandler                          0x0008010b   Thumb Code     0  startup_sam3xa.o(.text)
    EFC1_IRQHandler                          0x0008010b   Thumb Code     0  startup_sam3xa.o(.text)
    EMAC_IRQHandler                          0x0008010b   Thumb Code     0  startup_sam3xa.o(.text)
    HSMCI_IRQHandler                         0x0008010b   Thumb Code     0  startup_sam3xa.o(.text)
    PIOA_IRQHandler                          0x0008010b   Thumb Code     0  startup_sam3xa.o(.text)
    PIOB_IRQHandler                          0x0008010b   Thumb Code     0  startup_sam3xa.o(.text)
    PIOC_IRQHandler                          0x0008010b   Thumb Code     0  startup_sam3xa.o(.text)
    PIOD_IRQHandler                          0x0008010b   Thumb Code     0  startup_sam3xa.o(.text)
    PIOE_IRQHandler                          0x0008010b   Thumb Code     0  startup_sam3xa.o(.text)
    PIOF_IRQHandler                          0x0008010b   Thumb Code     0  startup_sam3xa.o(.text)
    PMC_IRQHandler                           0x0008010b   Thumb Code     0  startup_sam3xa.o(.text)
    PWM_IRQHandler                           0x0008010b   Thumb Code     0  startup_sam3xa.o(.text)
    RSTC_IRQHandler                          0x0008010b   Thumb Code     0  startup_sam3xa.o(.text)
    RTC_IRQHandler                           0x0008010b   Thumb Code     0  startup_sam3xa.o(.text)
    RTT_IRQHandler                           0x0008010b   Thumb Code     0  startup_sam3xa.o(.text)
    SDRAMC_IRQHandler                        0x0008010b   Thumb Code     0  startup_sam3xa.o(.text)
    SMC_IRQHandler                           0x0008010b   Thumb Code     0  startup_sam3xa.o(.text)
    SPI0_IRQHandler                          0x0008010b   Thumb Code     0  startup_sam3xa.o(.text)
    SPI1_IRQHandler                          0x0008010b   Thumb Code     0  startup_sam3xa.o(.text)
    SSC_IRQHandler                           0x0008010b   Thumb Code     0  startup_sam3xa.o(.text)
    SUPC_IRQHandler                          0x0008010b   Thumb Code     0  startup_sam3xa.o(.text)
    TC0_IRQHandler                           0x0008010b   Thumb Code     0  startup_sam3xa.o(.text)
    TC1_IRQHandler                           0x0008010b   Thumb Code     0  startup_sam3xa.o(.text)
    TC2_IRQHandler                           0x0008010b   Thumb Code     0  startup_sam3xa.o(.text)
    TC3_IRQHandler                           0x0008010b   Thumb Code     0  startup_sam3xa.o(.text)
    TC4_IRQHandler                           0x0008010b   Thumb Code     0  startup_sam3xa.o(.text)
    TC5_IRQHandler                           0x0008010b   Thumb Code     0  startup_sam3xa.o(.text)
    TC6_IRQHandler                           0x0008010b   Thumb Code     0  startup_sam3xa.o(.text)
    TC7_IRQHandler                           0x0008010b   Thumb Code     0  startup_sam3xa.o(.text)
    TC8_IRQHandler                           0x0008010b   Thumb Code     0  startup_sam3xa.o(.text)
    TRNG_IRQHandler                          0x0008010b   Thumb Code     0  startup_sam3xa.o(.text)
    TWI0_IRQHandler                          0x0008010b   Thumb Code     0  startup_sam3xa.o(.text)
    TWI1_IRQHandler                          0x0008010b   Thumb Code     0  startup_sam3xa.o(.text)
    UART_IRQHandler                          0x0008010b   Thumb Code     0  startup_sam3xa.o(.text)
    UOTGHS_IRQHandler                        0x0008010b   Thumb Code     0  startup_sam3xa.o(.text)
    USART0_IRQHandler                        0x0008010b   Thumb Code     0  startup_sam3xa.o(.text)
    USART1_IRQHandler                        0x0008010b   Thumb Code     0  startup_sam3xa.o(.text)
    USART2_IRQHandler                        0x0008010b   Thumb Code     0  startup_sam3xa.o(.text)
    USART3_IRQHandler                        0x0008010b   Thumb Code     0  startup_sam3xa.o(.text)
    WDT_IRQHandler                           0x0008010b   Thumb Code     0  startup_sam3xa.o(.text)
    __user_initial_stackheap                 0x0008010d   Thumb Code     0  startup_sam3xa.o(.text)
    __use_two_region_memory                  0x0008012d   Thumb Code     2  heapauxi.o(.text)
    __rt_heap_escrow$2region                 0x0008012f   Thumb Code     2  heapauxi.o(.text)
    __rt_heap_expand$2region                 0x00080131   Thumb Code     2  heapauxi.o(.text)
    SystemCoreClockUpdate                    0x00080135   Thumb Code   524  system_sam3xa.o(.text.SystemCoreClockUpdate)
    SystemInit                               0x00080341   Thumb Code   282  system_sam3xa.o(.text.SystemInit)
    __main                                   0x0008045d   Thumb Code     0  mycode.o(Code_Section)
    SystemCoreClock                          0x20000000   Data           4  system_sam3xa.o(.data.SystemCoreClock)



==============================================================================

Memory Map of the image

  Image entry point : Not specified.

  Load Region LR_IROM1 (Base: 0x00080000, Size: 0x00000480, Max: 0x00020000, ABSOLUTE)

    Execution Region ER_IROM1 (Exec base: 0x00080000, Load base: 0x00080000, Size: 0x00000470, Max: 0x00020000, ABSOLUTE)

    Exec Addr    Load Addr    Size         Type   Attr      Idx    E Section Name        Object

    0x00080000   0x00080000   0x000000f4   Data   RO            9    RESET               startup_sam3xa.o
    0x000800f4   0x000800f4   0x00000038   Code   RO           10    .text               startup_sam3xa.o
    0x0008012c   0x0008012c   0x00000000   Code   RO           14    .text               system_sam3xa.o
    0x0008012c   0x0008012c   0x00000006   Code   RO           28    .text               c_w.l(heapauxi.o)
    0x00080132   0x00080132   0x00000002   PAD
    0x00080134   0x00080134   0x0000020c   Code   RO           15    .text.SystemCoreClockUpdate  system_sam3xa.o
    0x00080340   0x00080340   0x0000011a   Code   RO           17    .text.SystemInit    system_sam3xa.o
    0x0008045a   0x0008045a   0x00000002   PAD
    0x0008045c   0x0008045c   0x00000014   Code   RO            1    Code_Section        mycode.o


    Execution Region RW_IRAM1 (Exec base: 0x20000000, Load base: 0x00080470, Size: 0x00000410, Max: 0x00008000, ABSOLUTE)

    Exec Addr    Load Addr    Size         Type   Attr      Idx    E Section Name        Object

    0x20000000   0x00080470   0x00000004   Data   RW           19    .data.SystemCoreClock  system_sam3xa.o
    0x20000004   0x00080474   0x0000000a   Data   RW            2    Data_Section        mycode.o
    0x2000000e   0x0008047e   0x00000002   PAD
    0x20000010        -       0x00000200   Zero   RW            8    HEAP                startup_sam3xa.o
    0x20000210        -       0x00000200   Zero   RW            7    STACK               startup_sam3xa.o


==============================================================================

Image component sizes


      Code (inc. data)   RO Data    RW Data    ZI Data      Debug   Object Name

        20          4          0         10          0        260   mycode.o
        56         22        244          0       1024        808   startup_sam3xa.o
       806         12          0          4          0       2503   system_sam3xa.o

    ----------------------------------------------------------------------
       884         38        244         16       1024       3571   Object Totals
         0          0          0          0          0          0   (incl. Generated)
         2          0          0          2          0          0   (incl. Padding)

    ----------------------------------------------------------------------

      Code (inc. data)   RO Data    RW Data    ZI Data      Debug   Library Member Name

         6          0          0          0          0        152   heapauxi.o

    ----------------------------------------------------------------------
         8          0          0          0          0        152   Library Totals
         2          0          0          0          0          0   (incl. Padding)

    ----------------------------------------------------------------------

      Code (inc. data)   RO Data    RW Data    ZI Data      Debug   Library Name

         6          0          0          0          0        152   c_w.l

    ----------------------------------------------------------------------
         8          0          0          0          0        152   Library Totals

    ----------------------------------------------------------------------

==============================================================================


      Code (inc. data)   RO Data    RW Data    ZI Data      Debug   

       892         38        244         16       1024       3723   Grand Totals
       892         38        244         16       1024       3723   ELF Image Totals
       892         38        244         16          0          0   ROM Totals

==============================================================================

    Total RO  Size (Code + RO Data)                 1136 (   1.11kB)
    Total RW  Size (RW Data + ZI Data)              1040 (   1.02kB)
    Total ROM Size (Code + RO Data + RW Data)       1152 (   1.12kB)

==============================================================================

