<html>
<body>
<pre>
<h1>µVision Build Log</h1>
<h2>Tool Versions:</h2>
IDE-Version: µVision V5.38.0.0
Copyright (C) 2022 ARM Ltd and ARM Germany GmbH. All rights reserved.
License Information: sarv nm, amirkabir, LIC=HN0AE-53A61-8T83P-M72FK-XHREK-FJ8BA
 
Tool Versions:
Toolchain:       MDK-ARM Plus  Version: 5.38.0.0
Toolchain Path:  C:\Keil_v5\ARM\ARMCLANG\Bin
C Compiler:      ArmClang.exe V6.19
Assembler:       Armasm.exe V6.19
Linker/Locator:  ArmLink.exe V6.19
Library Manager: ArmAr.exe V6.19
Hex Converter:   FromElf.exe V6.19
CPU DLL:         SARMCM3.DLL V5.38.0.0
Dialog DLL:      DCM.DLL V1.17.5.0
Target DLL:      UL2CM3.DLL V1.164.8.0
Dialog DLL:      TCM.DLL V1.56.4.0
 
<h2>Project:</h2>
C:\Users\ASUS.PIESC\OneDrive\Desktop\SarvinCode\assembelly\Q3\Q3.uvprojx
Project File Date:  01/11/2023

<h2>Output:</h2>
*** Using Compiler 'V6.19', folder: 'C:\Keil_v5\ARM\ARMCLANG\Bin'
Build target 'Target 1'
assembling Q3.s...
linking...
.\Objects\Q3.axf: Warning: L6305W: Image does not have an entry point. (Not specified or not set due to multiple choices.)
.\Objects\Q3.sct(8): warning: L6314W: No section matches pattern *(InRoot$$Sections).
Program Size: Code=908 RO-data=244 RW-data=4 ZI-data=1028  
Finished: 0 information, 2 warning and 0 error messages.
".\Objects\Q3.axf" - 0 Error(s), 2 Warning(s).

<h2>Software Packages used:</h2>

Package Vendor: ARM
                http://www.keil.com/pack/ARM.CMSIS.5.9.0.pack
                ARM.CMSIS.5.9.0
                CMSIS (Common Microcontroller Software Interface Standard)
   * Component: CORE Version: 5.6.0

Package Vendor: Microchip
                http://packs.download.atmel.com/Atmel.SAM3X_DFP.1.0.50.pack
                Atmel.SAM3X_DFP.1.0.50
                Atmel SAM3X Series Device Support
   * Component: Startup Version: 1.0.0

<h2>Collection of Component include folders:</h2>
  ./RTE/_Target_1
  C:/Users/ASUS.PIESC/AppData/Local/Arm/Packs/ARM/CMSIS/5.9.0/CMSIS/Core/Include
  C:/Users/ASUS.PIESC/AppData/Local/Arm/Packs/Atmel/SAM3X_DFP/1.0.50/include

<h2>Collection of Component Files used:</h2>

   * Component: ARM::CMSIS:CORE:5.6.0

   * Component: Microchip::Device:Startup:1.0.0
      Include file:  include/sam.h
      Source file:   templates/main.c
      Source file:   templates/main.cpp
      Source file:   armcc/Device/SAM3XA/Source/system_SAM3XA.c
      Source file:   armcc/Device/SAM3XA/Source/ARM/startup_SAM3XA.s
Build Time Elapsed:  00:00:00
</pre>
</body>
</html>
